Archive member included to satisfy reference by file (symbol)

c:/program files (x86)/atmel/studio/7.0/toolchain/avr8/avr8-gnu-toolchain/bin/../lib/gcc/avr/4.9.2/avr6\libgcc.a(_exit.o)
                              C:/Program Files (x86)/Atmel/Studio/7.0/Packs/atmel/ATmega_DFP/1.0.90/gcc/dev/atmega2560/avr6/crtatmega2560.o (exit)
c:/program files (x86)/atmel/studio/7.0/toolchain/avr8/avr8-gnu-toolchain/bin/../lib/gcc/avr/4.9.2/avr6\libgcc.a(_tablejump2.o)
                              os.o (__tablejump2__)
c:/program files (x86)/atmel/studio/7.0/toolchain/avr8/avr8-gnu-toolchain/bin/../lib/gcc/avr/4.9.2/avr6\libgcc.a(_clear_bss.o)
                              T7Mutex.o (__do_clear_bss)

Allocating common symbols
Common symbol       size              file

m2                  0x2               T7Mutex.o
m1                  0x2               T7Mutex.o
CurrentSp           0x2               os.o
KernelSp            0x2               os.o

Discarded input sections

 .data          0x00000000        0x0 C:/Program Files (x86)/Atmel/Studio/7.0/Packs/atmel/ATmega_DFP/1.0.90/gcc/dev/atmega2560/avr6/crtatmega2560.o
 .bss           0x00000000        0x0 C:/Program Files (x86)/Atmel/Studio/7.0/Packs/atmel/ATmega_DFP/1.0.90/gcc/dev/atmega2560/avr6/crtatmega2560.o
 .text          0x00000000        0x0 T12MutexPriInheritance.o
 .data          0x00000000        0x0 T12MutexPriInheritance.o
 .bss           0x00000000        0x0 T12MutexPriInheritance.o
 .debug_line    0x00000000        0x0 T12MutexPriInheritance.o
 .debug_str     0x00000000      0x10e T12MutexPriInheritance.o
 .comment       0x00000000       0x31 T12MutexPriInheritance.o
 .text          0x00000000        0x0 T11EventConsumable.o
 .data          0x00000000        0x0 T11EventConsumable.o
 .bss           0x00000000        0x0 T11EventConsumable.o
 .debug_line    0x00000000        0x0 T11EventConsumable.o
 .debug_str     0x00000000      0x10a T11EventConsumable.o
 .comment       0x00000000       0x31 T11EventConsumable.o
 .text          0x00000000        0x0 T10EventYield.o
 .data          0x00000000        0x0 T10EventYield.o
 .bss           0x00000000        0x0 T10EventYield.o
 .debug_line    0x00000000        0x0 T10EventYield.o
 .debug_str     0x00000000      0x105 T10EventYield.o
 .comment       0x00000000       0x31 T10EventYield.o
 .text          0x00000000        0x0 T9EventPreemption.o
 .data          0x00000000        0x0 T9EventPreemption.o
 .bss           0x00000000        0x0 T9EventPreemption.o
 .debug_line    0x00000000        0x0 T9EventPreemption.o
 .debug_str     0x00000000      0x109 T9EventPreemption.o
 .comment       0x00000000       0x31 T9EventPreemption.o
 .text          0x00000000        0x0 T8Sleep.o
 .data          0x00000000        0x0 T8Sleep.o
 .bss           0x00000000        0x0 T8Sleep.o
 .debug_line    0x00000000        0x0 T8Sleep.o
 .debug_str     0x00000000       0xff T8Sleep.o
 .comment       0x00000000       0x31 T8Sleep.o
 .text          0x00000000        0x0 T7Mutex.o
 .data          0x00000000        0x0 T7Mutex.o
 .bss           0x00000000        0x0 T7Mutex.o
 .text          0x00000000        0x0 T1Sleep.o
 .data          0x00000000        0x0 T1Sleep.o
 .bss           0x00000000        0x0 T1Sleep.o
 .debug_line    0x00000000        0x0 T1Sleep.o
 .debug_str     0x00000000       0xff T1Sleep.o
 .comment       0x00000000       0x31 T1Sleep.o
 .text          0x00000000        0x0 T5SleepQPreemption.o
 .data          0x00000000        0x0 T5SleepQPreemption.o
 .bss           0x00000000        0x0 T5SleepQPreemption.o
 .debug_line    0x00000000        0x0 T5SleepQPreemption.o
 .debug_str     0x00000000      0x10a T5SleepQPreemption.o
 .comment       0x00000000       0x31 T5SleepQPreemption.o
 .text          0x00000000        0x0 T4Suspend.o
 .data          0x00000000        0x0 T4Suspend.o
 .bss           0x00000000        0x0 T4Suspend.o
 .debug_line    0x00000000        0x0 T4Suspend.o
 .debug_str     0x00000000      0x101 T4Suspend.o
 .comment       0x00000000       0x31 T4Suspend.o
 .text          0x00000000        0x0 T3Preemption.o
 .data          0x00000000        0x0 T3Preemption.o
 .bss           0x00000000        0x0 T3Preemption.o
 .debug_info    0x00000000       0x5d T3Preemption.o
 .debug_abbrev  0x00000000       0x26 T3Preemption.o
 .debug_aranges
                0x00000000       0x18 T3Preemption.o
 .debug_line    0x00000000       0x1a T3Preemption.o
 .debug_str     0x00000000      0x174 T3Preemption.o
 .comment       0x00000000       0x31 T3Preemption.o
 .text          0x00000000        0x0 T2Yield.o
 .data          0x00000000        0x0 T2Yield.o
 .bss           0x00000000        0x0 T2Yield.o
 .debug_line    0x00000000        0x0 T2Yield.o
 .debug_str     0x00000000       0xff T2Yield.o
 .comment       0x00000000       0x31 T2Yield.o
 .text          0x00000000        0x0 os.o
 .data          0x00000000        0x0 os.o
 .bss           0x00000000        0x0 os.o
 .text.Task_Next
                0x00000000       0x24 os.o
 .text.Task_Sleep
                0x00000000       0x2e os.o
 .text.Task_Yield
                0x00000000       0x20 os.o
 .text.Task_GetArg
                0x00000000       0x12 os.o
 .text.Task_Suspend
                0x00000000       0x90 os.o
 .text.Task_Resume
                0x00000000       0x7e os.o
 .text.Event_Init
                0x00000000       0x2c os.o
 .text.Event_Wait
                0x00000000       0x5a os.o
 .text.Event_Signal
                0x00000000       0x44 os.o
 .bss.preempt   0x00000000        0x2 os.o
 .data          0x00000000        0x0 cswitch.o
 .bss           0x00000000        0x0 cswitch.o
 .text          0x00000000        0x0 T6MaxP.o
 .data          0x00000000        0x0 T6MaxP.o
 .bss           0x00000000        0x0 T6MaxP.o
 .debug_line    0x00000000        0x0 T6MaxP.o
 .debug_str     0x00000000       0xfe T6MaxP.o
 .comment       0x00000000       0x31 T6MaxP.o
 .text          0x00000000        0x0 c:/program files (x86)/atmel/studio/7.0/toolchain/avr8/avr8-gnu-toolchain/bin/../lib/gcc/avr/4.9.2/avr6\libgcc.a(_exit.o)
 .data          0x00000000        0x0 c:/program files (x86)/atmel/studio/7.0/toolchain/avr8/avr8-gnu-toolchain/bin/../lib/gcc/avr/4.9.2/avr6\libgcc.a(_exit.o)
 .bss           0x00000000        0x0 c:/program files (x86)/atmel/studio/7.0/toolchain/avr8/avr8-gnu-toolchain/bin/../lib/gcc/avr/4.9.2/avr6\libgcc.a(_exit.o)
 .text.libgcc.mul
                0x00000000        0x0 c:/program files (x86)/atmel/studio/7.0/toolchain/avr8/avr8-gnu-toolchain/bin/../lib/gcc/avr/4.9.2/avr6\libgcc.a(_exit.o)
 .text.libgcc.div
                0x00000000        0x0 c:/program files (x86)/atmel/studio/7.0/toolchain/avr8/avr8-gnu-toolchain/bin/../lib/gcc/avr/4.9.2/avr6\libgcc.a(_exit.o)
 .text.libgcc   0x00000000        0x0 c:/program files (x86)/atmel/studio/7.0/toolchain/avr8/avr8-gnu-toolchain/bin/../lib/gcc/avr/4.9.2/avr6\libgcc.a(_exit.o)
 .text.libgcc.prologue
                0x00000000        0x0 c:/program files (x86)/atmel/studio/7.0/toolchain/avr8/avr8-gnu-toolchain/bin/../lib/gcc/avr/4.9.2/avr6\libgcc.a(_exit.o)
 .text.libgcc.builtins
                0x00000000        0x0 c:/program files (x86)/atmel/studio/7.0/toolchain/avr8/avr8-gnu-toolchain/bin/../lib/gcc/avr/4.9.2/avr6\libgcc.a(_exit.o)
 .text.libgcc.fmul
                0x00000000        0x0 c:/program files (x86)/atmel/studio/7.0/toolchain/avr8/avr8-gnu-toolchain/bin/../lib/gcc/avr/4.9.2/avr6\libgcc.a(_exit.o)
 .text.libgcc.fixed
                0x00000000        0x0 c:/program files (x86)/atmel/studio/7.0/toolchain/avr8/avr8-gnu-toolchain/bin/../lib/gcc/avr/4.9.2/avr6\libgcc.a(_exit.o)
 .text          0x00000000        0x0 c:/program files (x86)/atmel/studio/7.0/toolchain/avr8/avr8-gnu-toolchain/bin/../lib/gcc/avr/4.9.2/avr6\libgcc.a(_tablejump2.o)
 .data          0x00000000        0x0 c:/program files (x86)/atmel/studio/7.0/toolchain/avr8/avr8-gnu-toolchain/bin/../lib/gcc/avr/4.9.2/avr6\libgcc.a(_tablejump2.o)
 .bss           0x00000000        0x0 c:/program files (x86)/atmel/studio/7.0/toolchain/avr8/avr8-gnu-toolchain/bin/../lib/gcc/avr/4.9.2/avr6\libgcc.a(_tablejump2.o)
 .text.libgcc.mul
                0x00000000        0x0 c:/program files (x86)/atmel/studio/7.0/toolchain/avr8/avr8-gnu-toolchain/bin/../lib/gcc/avr/4.9.2/avr6\libgcc.a(_tablejump2.o)
 .text.libgcc.div
                0x00000000        0x0 c:/program files (x86)/atmel/studio/7.0/toolchain/avr8/avr8-gnu-toolchain/bin/../lib/gcc/avr/4.9.2/avr6\libgcc.a(_tablejump2.o)
 .text.libgcc.prologue
                0x00000000        0x0 c:/program files (x86)/atmel/studio/7.0/toolchain/avr8/avr8-gnu-toolchain/bin/../lib/gcc/avr/4.9.2/avr6\libgcc.a(_tablejump2.o)
 .text.libgcc.builtins
                0x00000000        0x0 c:/program files (x86)/atmel/studio/7.0/toolchain/avr8/avr8-gnu-toolchain/bin/../lib/gcc/avr/4.9.2/avr6\libgcc.a(_tablejump2.o)
 .text.libgcc.fmul
                0x00000000        0x0 c:/program files (x86)/atmel/studio/7.0/toolchain/avr8/avr8-gnu-toolchain/bin/../lib/gcc/avr/4.9.2/avr6\libgcc.a(_tablejump2.o)
 .text.libgcc.fixed
                0x00000000        0x0 c:/program files (x86)/atmel/studio/7.0/toolchain/avr8/avr8-gnu-toolchain/bin/../lib/gcc/avr/4.9.2/avr6\libgcc.a(_tablejump2.o)
 .text          0x00000000        0x0 c:/program files (x86)/atmel/studio/7.0/toolchain/avr8/avr8-gnu-toolchain/bin/../lib/gcc/avr/4.9.2/avr6\libgcc.a(_clear_bss.o)
 .data          0x00000000        0x0 c:/program files (x86)/atmel/studio/7.0/toolchain/avr8/avr8-gnu-toolchain/bin/../lib/gcc/avr/4.9.2/avr6\libgcc.a(_clear_bss.o)
 .bss           0x00000000        0x0 c:/program files (x86)/atmel/studio/7.0/toolchain/avr8/avr8-gnu-toolchain/bin/../lib/gcc/avr/4.9.2/avr6\libgcc.a(_clear_bss.o)
 .text.libgcc.mul
                0x00000000        0x0 c:/program files (x86)/atmel/studio/7.0/toolchain/avr8/avr8-gnu-toolchain/bin/../lib/gcc/avr/4.9.2/avr6\libgcc.a(_clear_bss.o)
 .text.libgcc.div
                0x00000000        0x0 c:/program files (x86)/atmel/studio/7.0/toolchain/avr8/avr8-gnu-toolchain/bin/../lib/gcc/avr/4.9.2/avr6\libgcc.a(_clear_bss.o)
 .text.libgcc   0x00000000        0x0 c:/program files (x86)/atmel/studio/7.0/toolchain/avr8/avr8-gnu-toolchain/bin/../lib/gcc/avr/4.9.2/avr6\libgcc.a(_clear_bss.o)
 .text.libgcc.prologue
                0x00000000        0x0 c:/program files (x86)/atmel/studio/7.0/toolchain/avr8/avr8-gnu-toolchain/bin/../lib/gcc/avr/4.9.2/avr6\libgcc.a(_clear_bss.o)
 .text.libgcc.builtins
                0x00000000        0x0 c:/program files (x86)/atmel/studio/7.0/toolchain/avr8/avr8-gnu-toolchain/bin/../lib/gcc/avr/4.9.2/avr6\libgcc.a(_clear_bss.o)
 .text.libgcc.fmul
                0x00000000        0x0 c:/program files (x86)/atmel/studio/7.0/toolchain/avr8/avr8-gnu-toolchain/bin/../lib/gcc/avr/4.9.2/avr6\libgcc.a(_clear_bss.o)
 .text.libgcc.fixed
                0x00000000        0x0 c:/program files (x86)/atmel/studio/7.0/toolchain/avr8/avr8-gnu-toolchain/bin/../lib/gcc/avr/4.9.2/avr6\libgcc.a(_clear_bss.o)

Memory Configuration

Name             Origin             Length             Attributes
text             0x00000000         0x00100000         xr
data             0x00800200         0x0000fe00         rw !x
eeprom           0x00810000         0x00010000         rw !x
fuse             0x00820000         0x00000400         rw !x
lock             0x00830000         0x00000400         rw !x
signature        0x00840000         0x00000400         rw !x
user_signatures  0x00850000         0x00000400         rw !x
*default*        0x00000000         0xffffffff

Linker script and memory map

Address of section .data set to 0x800200
LOAD C:/Program Files (x86)/Atmel/Studio/7.0/Packs/atmel/ATmega_DFP/1.0.90/gcc/dev/atmega2560/avr6/crtatmega2560.o
LOAD T12MutexPriInheritance.o
LOAD T11EventConsumable.o
LOAD T10EventYield.o
LOAD T9EventPreemption.o
LOAD T8Sleep.o
LOAD T7Mutex.o
LOAD T1Sleep.o
LOAD T5SleepQPreemption.o
LOAD T4Suspend.o
LOAD T3Preemption.o
LOAD T2Yield.o
LOAD os.o
LOAD cswitch.o
LOAD T6MaxP.o
START GROUP
LOAD c:/program files (x86)/atmel/studio/7.0/toolchain/avr8/avr8-gnu-toolchain/bin/../lib/gcc/avr/4.9.2/../../../../avr/lib/avr6\libm.a
END GROUP
START GROUP
LOAD c:/program files (x86)/atmel/studio/7.0/toolchain/avr8/avr8-gnu-toolchain/bin/../lib/gcc/avr/4.9.2/avr6\libgcc.a
LOAD c:/program files (x86)/atmel/studio/7.0/toolchain/avr8/avr8-gnu-toolchain/bin/../lib/gcc/avr/4.9.2/../../../../avr/lib/avr6\libm.a
LOAD c:/program files (x86)/atmel/studio/7.0/toolchain/avr8/avr8-gnu-toolchain/bin/../lib/gcc/avr/4.9.2/../../../../avr/lib/avr6\libc.a
LOAD C:/Program Files (x86)/Atmel/Studio/7.0/Packs/atmel/ATmega_DFP/1.0.90/gcc/dev/atmega2560/avr6\libatmega2560.a
END GROUP

.hash
 *(.hash)

.dynsym
 *(.dynsym)

.dynstr
 *(.dynstr)

.gnu.version
 *(.gnu.version)

.gnu.version_d
 *(.gnu.version_d)

.gnu.version_r
 *(.gnu.version_r)

.rel.init
 *(.rel.init)

.rela.init
 *(.rela.init)

.rel.text
 *(.rel.text)
 *(.rel.text.*)
 *(.rel.gnu.linkonce.t*)

.rela.text
 *(.rela.text)
 *(.rela.text.*)
 *(.rela.gnu.linkonce.t*)

.rel.fini
 *(.rel.fini)

.rela.fini
 *(.rela.fini)

.rel.rodata
 *(.rel.rodata)
 *(.rel.rodata.*)
 *(.rel.gnu.linkonce.r*)

.rela.rodata
 *(.rela.rodata)
 *(.rela.rodata.*)
 *(.rela.gnu.linkonce.r*)

.rel.data
 *(.rel.data)
 *(.rel.data.*)
 *(.rel.gnu.linkonce.d*)

.rela.data
 *(.rela.data)
 *(.rela.data.*)
 *(.rela.gnu.linkonce.d*)

.rel.ctors
 *(.rel.ctors)

.rela.ctors
 *(.rela.ctors)

.rel.dtors
 *(.rel.dtors)

.rela.dtors
 *(.rela.dtors)

.rel.got
 *(.rel.got)

.rela.got
 *(.rela.got)

.rel.bss
 *(.rel.bss)

.rela.bss
 *(.rela.bss)

.rel.plt
 *(.rel.plt)

.rela.plt
 *(.rela.plt)

.text           0x00000000     0x1464
 *(.vectors)
 .vectors       0x00000000       0xe4 C:/Program Files (x86)/Atmel/Studio/7.0/Packs/atmel/ATmega_DFP/1.0.90/gcc/dev/atmega2560/avr6/crtatmega2560.o
                0x00000000                __vector_default
                0x00000000                __vectors
 *(.vectors)
 *(.progmem.gcc*)
 .progmem.gcc_sw_table.OS_Start
                0x000000e4       0x1a os.o
                0x000000fe                . = ALIGN (0x2)
                0x000000fe                __trampolines_start = .
 *(.trampolines)
 .trampolines   0x000000fe        0x0 linker stubs
 *(.trampolines*)
                0x000000fe                __trampolines_end = .
 *(.progmem*)
                0x000000fe                . = ALIGN (0x2)
 *(.jumptables)
 *(.jumptables*)
 *(.lowtext)
 *(.lowtext*)
                0x000000fe                __ctors_start = .
 *(.ctors)
                0x000000fe                __ctors_end = .
                0x000000fe                __dtors_start = .
 *(.dtors)
                0x000000fe                __dtors_end = .
 SORT(*)(.ctors)
 SORT(*)(.dtors)
 *(.init0)
 .init0         0x000000fe        0x0 C:/Program Files (x86)/Atmel/Studio/7.0/Packs/atmel/ATmega_DFP/1.0.90/gcc/dev/atmega2560/avr6/crtatmega2560.o
                0x000000fe                __init
 *(.init0)
 *(.init1)
 *(.init1)
 *(.init2)
 .init2         0x000000fe       0x10 C:/Program Files (x86)/Atmel/Studio/7.0/Packs/atmel/ATmega_DFP/1.0.90/gcc/dev/atmega2560/avr6/crtatmega2560.o
 *(.init2)
 *(.init3)
 *(.init3)
 *(.init4)
 .init4         0x0000010e       0x10 c:/program files (x86)/atmel/studio/7.0/toolchain/avr8/avr8-gnu-toolchain/bin/../lib/gcc/avr/4.9.2/avr6\libgcc.a(_clear_bss.o)
                0x0000010e                __do_clear_bss
 *(.init4)
 *(.init5)
 *(.init5)
 *(.init6)
 *(.init6)
 *(.init7)
 *(.init7)
 *(.init8)
 *(.init8)
 *(.init9)
 .init9         0x0000011e        0x8 C:/Program Files (x86)/Atmel/Studio/7.0/Packs/atmel/ATmega_DFP/1.0.90/gcc/dev/atmega2560/avr6/crtatmega2560.o
 *(.init9)
 *(.text)
 .text          0x00000126        0x2 C:/Program Files (x86)/Atmel/Studio/7.0/Packs/atmel/ATmega_DFP/1.0.90/gcc/dev/atmega2560/avr6/crtatmega2560.o
                0x00000126                __vector_38
                0x00000126                __vector_22
                0x00000126                __vector_28
                0x00000126                __vector_1
                0x00000126                __vector_32
                0x00000126                __vector_34
                0x00000126                __vector_24
                0x00000126                __vector_12
                0x00000126                __vector_55
                0x00000126                __vector_46
                0x00000126                __bad_interrupt
                0x00000126                __vector_6
                0x00000126                __vector_31
                0x00000126                __vector_35
                0x00000126                __vector_39
                0x00000126                __vector_3
                0x00000126                __vector_23
                0x00000126                __vector_30
                0x00000126                __vector_45
                0x00000126                __vector_25
                0x00000126                __vector_11
                0x00000126                __vector_54
                0x00000126                __vector_13
                0x00000126                __vector_19
                0x00000126                __vector_56
                0x00000126                __vector_7
                0x00000126                __vector_49
                0x00000126                __vector_41
                0x00000126                __vector_43
                0x00000126                __vector_27
                0x00000126                __vector_5
                0x00000126                __vector_33
                0x00000126                __vector_47
                0x00000126                __vector_52
                0x00000126                __vector_37
                0x00000126                __vector_4
                0x00000126                __vector_44
                0x00000126                __vector_51
                0x00000126                __vector_9
                0x00000126                __vector_2
                0x00000126                __vector_21
                0x00000126                __vector_15
                0x00000126                __vector_36
                0x00000126                __vector_29
                0x00000126                __vector_40
                0x00000126                __vector_8
                0x00000126                __vector_26
                0x00000126                __vector_48
                0x00000126                __vector_14
                0x00000126                __vector_53
                0x00000126                __vector_10
                0x00000126                __vector_50
                0x00000126                __vector_16
                0x00000126                __vector_18
                0x00000126                __vector_20
                0x00000126                __vector_42
 .text          0x00000128      0x15c cswitch.o
                0x00000128                Exit_Kernel
                0x00000128                CSwitch
                0x000001d6                Enter_Kernel
                0x00000284                . = ALIGN (0x2)
 *(.text.*)
 .text.Pong     0x00000284       0x30 T7Mutex.o
                0x00000284                Pong
 .text.Ping     0x000002b4       0x5c T7Mutex.o
                0x000002b4                Ping
 .text.a_main   0x00000310       0x28 T7Mutex.o
                0x00000310                a_main
 .text.idle     0x00000338        0x2 os.o
 .text.enqueue  0x0000033a       0x34 os.o
 .text.dequeue  0x0000036e       0x38 os.o
 .text._delay_25ms
                0x000003a6        0xe os.o
 .text.Task_Terminate
                0x000003b4       0x1e os.o
                0x000003b4                Task_Terminate
 .text.check_rqueue
                0x000003d2       0x84 os.o
                0x000003d2                check_rqueue
 .text.set_timer
                0x00000456       0x2e os.o
                0x00000456                set_timer
 .text.OS_Abort
                0x00000484       0x64 os.o
                0x00000484                OS_Abort
 .text.Dispatch
                0x000004e8      0x1a8 os.o
 .text.preemption
                0x00000690       0x54 os.o
                0x00000690                preemption
 .text.Kernel_Create_Task
                0x000006e4       0xde os.o
 .text.OS_Init  0x000007c2       0xee os.o
                0x000007c2                OS_Init
 .text.OS_Start
                0x000008b0      0x9d6 os.o
                0x000008b0                OS_Start
 .text.Mutex_Init
                0x00001286       0x66 os.o
                0x00001286                Mutex_Init
 .text.Mutex_Lock
                0x000012ec       0x28 os.o
                0x000012ec                Mutex_Lock
 .text.Mutex_Unlock
                0x00001314       0x28 os.o
                0x00001314                Mutex_Unlock
 .text.Task_Create
                0x0000133c       0x4a os.o
                0x0000133c                Task_Create
 .text.__vector_17
                0x00001386       0xb4 os.o
                0x00001386                __vector_17
 .text.main     0x0000143a       0x16 os.o
                0x0000143a                main
 .text.libgcc   0x00001450       0x10 c:/program files (x86)/atmel/studio/7.0/toolchain/avr8/avr8-gnu-toolchain/bin/../lib/gcc/avr/4.9.2/avr6\libgcc.a(_tablejump2.o)
                0x00001450                __tablejump2__
                0x00001460                . = ALIGN (0x2)
 *(.fini9)
 .fini9         0x00001460        0x0 c:/program files (x86)/atmel/studio/7.0/toolchain/avr8/avr8-gnu-toolchain/bin/../lib/gcc/avr/4.9.2/avr6\libgcc.a(_exit.o)
                0x00001460                _exit
                0x00001460                exit
 *(.fini9)
 *(.fini8)
 *(.fini8)
 *(.fini7)
 *(.fini7)
 *(.fini6)
 *(.fini6)
 *(.fini5)
 *(.fini5)
 *(.fini4)
 *(.fini4)
 *(.fini3)
 *(.fini3)
 *(.fini2)
 *(.fini2)
 *(.fini1)
 *(.fini1)
 *(.fini0)
 .fini0         0x00001460        0x4 c:/program files (x86)/atmel/studio/7.0/toolchain/avr8/avr8-gnu-toolchain/bin/../lib/gcc/avr/4.9.2/avr6\libgcc.a(_exit.o)
 *(.fini0)
                0x00001464                _etext = .

.data           0x00800200        0x0 load address 0x00001464
                0x00800200                PROVIDE (__data_start, .)
 *(.data)
 *(.data*)
 *(.rodata)
 *(.rodata*)
 *(.gnu.linkonce.d*)
                0x00800200                . = ALIGN (0x2)
                0x00800200                _edata = .
                0x00800200                PROVIDE (__data_end, .)

.bss            0x00800200     0x131f
                0x00800200                PROVIDE (__bss_start, .)
 *(.bss)
 *(.bss*)
 .bss.kernel_request_create_args
                0x00800200        0x7 os.o
 .bss.Tasks     0x00800207        0x2 os.o
 .bss.KernelActive
                0x00800209        0x2 os.o
 .bss.NextP     0x0080020b        0x2 os.o
 .bss.p         0x0080020d        0x2 os.o
 .bss.Cp        0x0080020f        0x2 os.o
 .bss.error_msg
                0x00800211        0x1 os.o
 .bss.mutex_unlock_arg
                0x00800212        0x2 os.o
 .bss.num_events_created
                0x00800214        0x1 os.o
 .bss.signal    0x00800215       0x10 os.o
 .bss.event_queue
                0x00800225       0x20 os.o
 .bss.dead_pool_queue
                0x00800245        0x4 os.o
 .bss.sleep_queue
                0x00800249        0x4 os.o
 .bss.ready_queue
                0x0080024d       0x2c os.o
 .bss.Mutex     0x00800279       0x48 os.o
 .bss.Process   0x008002c1     0x1254 os.o
 .bss.kernel_request_event_ptr
                0x00801515        0x2 os.o
 *(COMMON)
 COMMON         0x00801517        0x4 T7Mutex.o
                0x00801517                m2
                0x00801519                m1
 COMMON         0x0080151b        0x4 os.o
                0x0080151b                CurrentSp
                0x0080151d                KernelSp
                0x0080151f                PROVIDE (__bss_end, .)
                0x00001464                __data_load_start = LOADADDR (.data)
                0x00001464                __data_load_end = (__data_load_start + SIZEOF (.data))

.noinit         0x0080151f        0x0
                0x0080151f                PROVIDE (__noinit_start, .)
 *(.noinit*)
                0x0080151f                PROVIDE (__noinit_end, .)
                0x0080151f                _end = .
                0x0080151f                PROVIDE (__heap_start, .)

.eeprom         0x00810000        0x0
 *(.eeprom*)
                0x00810000                __eeprom_end = .

.fuse
 *(.fuse)
 *(.lfuse)
 *(.hfuse)
 *(.efuse)

.lock
 *(.lock*)

.signature
 *(.signature*)

.user_signatures
 *(.user_signatures*)

.stab
 *(.stab)

.stabstr
 *(.stabstr)

.stab.excl
 *(.stab.excl)

.stab.exclstr
 *(.stab.exclstr)

.stab.index
 *(.stab.index)

.stab.indexstr
 *(.stab.indexstr)

.comment        0x00000000       0x30
 *(.comment)
 .comment       0x00000000       0x30 T7Mutex.o
                                 0x31 (size before relaxing)
 .comment       0x00000030       0x31 os.o

.note.gnu.avr.deviceinfo
                0x00000000       0x40
 .note.gnu.avr.deviceinfo
                0x00000000       0x40 C:/Program Files (x86)/Atmel/Studio/7.0/Packs/atmel/ATmega_DFP/1.0.90/gcc/dev/atmega2560/avr6/crtatmega2560.o

.note.gnu.build-id
 *(.note.gnu.build-id)

.debug
 *(.debug)

.line
 *(.line)

.debug_srcinfo
 *(.debug_srcinfo)

.debug_sfnames
 *(.debug_sfnames)

.debug_aranges  0x00000000      0x148
 *(.debug_aranges)
 .debug_aranges
                0x00000000       0x30 T7Mutex.o
 .debug_aranges
                0x00000030       0xf8 os.o
 .debug_aranges
                0x00000128       0x20 cswitch.o

.debug_pubnames
 *(.debug_pubnames)

.debug_info     0x00000000     0x1476
 *(.debug_info .gnu.linkonce.wi.*)
 .debug_info    0x00000000      0x2a6 T7Mutex.o
 .debug_info    0x000002a6     0x115c os.o
 .debug_info    0x00001402       0x74 cswitch.o

.debug_abbrev   0x00000000      0x5e7
 *(.debug_abbrev)
 .debug_abbrev  0x00000000      0x181 T7Mutex.o
 .debug_abbrev  0x00000181      0x452 os.o
 .debug_abbrev  0x000005d3       0x14 cswitch.o

.debug_line     0x00000000      0xfd1
 *(.debug_line .debug_line.* .debug_line_end)
 .debug_line    0x00000000      0x1da T7Mutex.o
 .debug_line    0x000001da      0xd24 os.o
 .debug_line    0x00000efe       0xd3 cswitch.o

.debug_frame    0x00000000      0x37c
 *(.debug_frame)
 .debug_frame   0x00000000       0x44 T7Mutex.o
 .debug_frame   0x00000044      0x338 os.o

.debug_str      0x00000000      0x6ba
 *(.debug_str)
 .debug_str     0x00000000      0x1e6 T7Mutex.o
                                0x220 (size before relaxing)
 .debug_str     0x000001e6      0x4d4 os.o
                                0x6b7 (size before relaxing)

.debug_loc      0x00000000     0x102f
 *(.debug_loc)
 .debug_loc     0x00000000     0x102f os.o

.debug_macinfo
 *(.debug_macinfo)

.debug_weaknames
 *(.debug_weaknames)

.debug_funcnames
 *(.debug_funcnames)

.debug_typenames
 *(.debug_typenames)

.debug_varnames
 *(.debug_varnames)

.debug_pubtypes
 *(.debug_pubtypes)

.debug_ranges   0x00000000      0x198
 *(.debug_ranges)
 .debug_ranges  0x00000000       0x20 T7Mutex.o
 .debug_ranges  0x00000020      0x178 os.o

.debug_macro
 *(.debug_macro)
OUTPUT(GccApplication3.elf elf32-avr)
LOAD linker stubs
