Archive member included to satisfy reference by file (symbol)

c:/program files (x86)/atmel/studio/7.0/toolchain/avr8/avr8-gnu-toolchain/bin/../lib/gcc/avr/4.9.2/avr6\libgcc.a(_exit.o)
                              C:/Program Files (x86)/Atmel/Studio/7.0/Packs/atmel/ATmega_DFP/1.0.90/gcc/dev/atmega2560/avr6/crtatmega2560.o (exit)
c:/program files (x86)/atmel/studio/7.0/toolchain/avr8/avr8-gnu-toolchain/bin/../lib/gcc/avr/4.9.2/avr6\libgcc.a(_tablejump2.o)
                              os.o (__tablejump2__)
c:/program files (x86)/atmel/studio/7.0/toolchain/avr8/avr8-gnu-toolchain/bin/../lib/gcc/avr/4.9.2/avr6\libgcc.a(_clear_bss.o)
                              os.o (__do_clear_bss)

Allocating common symbols
Common symbol       size              file

CurrentSp           0x2               os.o
KernelSp            0x2               os.o

Discarded input sections

 .data          0x00000000        0x0 C:/Program Files (x86)/Atmel/Studio/7.0/Packs/atmel/ATmega_DFP/1.0.90/gcc/dev/atmega2560/avr6/crtatmega2560.o
 .bss           0x00000000        0x0 C:/Program Files (x86)/Atmel/Studio/7.0/Packs/atmel/ATmega_DFP/1.0.90/gcc/dev/atmega2560/avr6/crtatmega2560.o
 .text          0x00000000        0x0 T1Sleep.o
 .data          0x00000000        0x0 T1Sleep.o
 .bss           0x00000000        0x0 T1Sleep.o
 .text          0x00000000        0x0 T5SleepQPreemption.o
 .data          0x00000000        0x0 T5SleepQPreemption.o
 .bss           0x00000000        0x0 T5SleepQPreemption.o
 .debug_line    0x00000000        0x0 T5SleepQPreemption.o
 .debug_str     0x00000000      0x10a T5SleepQPreemption.o
 .comment       0x00000000       0x31 T5SleepQPreemption.o
 .text          0x00000000        0x0 T4Suspend.o
 .data          0x00000000        0x0 T4Suspend.o
 .bss           0x00000000        0x0 T4Suspend.o
 .debug_line    0x00000000        0x0 T4Suspend.o
 .debug_str     0x00000000      0x101 T4Suspend.o
 .comment       0x00000000       0x31 T4Suspend.o
 .text          0x00000000        0x0 T3Preemption.o
 .data          0x00000000        0x0 T3Preemption.o
 .bss           0x00000000        0x0 T3Preemption.o
 .debug_info    0x00000000       0x5d T3Preemption.o
 .debug_abbrev  0x00000000       0x26 T3Preemption.o
 .debug_aranges
                0x00000000       0x18 T3Preemption.o
 .debug_line    0x00000000       0x1a T3Preemption.o
 .debug_str     0x00000000      0x174 T3Preemption.o
 .comment       0x00000000       0x31 T3Preemption.o
 .text          0x00000000        0x0 T2Yield.o
 .data          0x00000000        0x0 T2Yield.o
 .bss           0x00000000        0x0 T2Yield.o
 .debug_line    0x00000000        0x0 T2Yield.o
 .debug_str     0x00000000       0xff T2Yield.o
 .comment       0x00000000       0x31 T2Yield.o
 .text          0x00000000        0x0 os.o
 .data          0x00000000        0x0 os.o
 .bss           0x00000000        0x0 os.o
 .text.Mutex_Init
                0x00000000       0x68 os.o
 .text.Mutex_Lock
                0x00000000       0x28 os.o
 .text.Mutex_Unlock
                0x00000000       0x28 os.o
 .text.Task_Next
                0x00000000       0x24 os.o
 .text.Task_Yield
                0x00000000       0x20 os.o
 .text.Task_GetArg
                0x00000000       0x12 os.o
 .text.Task_Suspend
                0x00000000       0x90 os.o
 .text.Task_Resume
                0x00000000       0x7e os.o
 .bss.preempt   0x00000000        0x2 os.o
 .data          0x00000000        0x0 cswitch.o
 .bss           0x00000000        0x0 cswitch.o
 .text          0x00000000        0x0 T6MaxP.o
 .data          0x00000000        0x0 T6MaxP.o
 .bss           0x00000000        0x0 T6MaxP.o
 .debug_line    0x00000000        0x0 T6MaxP.o
 .debug_str     0x00000000       0xee T6MaxP.o
 .comment       0x00000000       0x31 T6MaxP.o
 .text          0x00000000        0x0 c:/program files (x86)/atmel/studio/7.0/toolchain/avr8/avr8-gnu-toolchain/bin/../lib/gcc/avr/4.9.2/avr6\libgcc.a(_exit.o)
 .data          0x00000000        0x0 c:/program files (x86)/atmel/studio/7.0/toolchain/avr8/avr8-gnu-toolchain/bin/../lib/gcc/avr/4.9.2/avr6\libgcc.a(_exit.o)
 .bss           0x00000000        0x0 c:/program files (x86)/atmel/studio/7.0/toolchain/avr8/avr8-gnu-toolchain/bin/../lib/gcc/avr/4.9.2/avr6\libgcc.a(_exit.o)
 .text.libgcc.mul
                0x00000000        0x0 c:/program files (x86)/atmel/studio/7.0/toolchain/avr8/avr8-gnu-toolchain/bin/../lib/gcc/avr/4.9.2/avr6\libgcc.a(_exit.o)
 .text.libgcc.div
                0x00000000        0x0 c:/program files (x86)/atmel/studio/7.0/toolchain/avr8/avr8-gnu-toolchain/bin/../lib/gcc/avr/4.9.2/avr6\libgcc.a(_exit.o)
 .text.libgcc   0x00000000        0x0 c:/program files (x86)/atmel/studio/7.0/toolchain/avr8/avr8-gnu-toolchain/bin/../lib/gcc/avr/4.9.2/avr6\libgcc.a(_exit.o)
 .text.libgcc.prologue
                0x00000000        0x0 c:/program files (x86)/atmel/studio/7.0/toolchain/avr8/avr8-gnu-toolchain/bin/../lib/gcc/avr/4.9.2/avr6\libgcc.a(_exit.o)
 .text.libgcc.builtins
                0x00000000        0x0 c:/program files (x86)/atmel/studio/7.0/toolchain/avr8/avr8-gnu-toolchain/bin/../lib/gcc/avr/4.9.2/avr6\libgcc.a(_exit.o)
 .text.libgcc.fmul
                0x00000000        0x0 c:/program files (x86)/atmel/studio/7.0/toolchain/avr8/avr8-gnu-toolchain/bin/../lib/gcc/avr/4.9.2/avr6\libgcc.a(_exit.o)
 .text.libgcc.fixed
                0x00000000        0x0 c:/program files (x86)/atmel/studio/7.0/toolchain/avr8/avr8-gnu-toolchain/bin/../lib/gcc/avr/4.9.2/avr6\libgcc.a(_exit.o)
 .text          0x00000000        0x0 c:/program files (x86)/atmel/studio/7.0/toolchain/avr8/avr8-gnu-toolchain/bin/../lib/gcc/avr/4.9.2/avr6\libgcc.a(_tablejump2.o)
 .data          0x00000000        0x0 c:/program files (x86)/atmel/studio/7.0/toolchain/avr8/avr8-gnu-toolchain/bin/../lib/gcc/avr/4.9.2/avr6\libgcc.a(_tablejump2.o)
 .bss           0x00000000        0x0 c:/program files (x86)/atmel/studio/7.0/toolchain/avr8/avr8-gnu-toolchain/bin/../lib/gcc/avr/4.9.2/avr6\libgcc.a(_tablejump2.o)
 .text.libgcc.mul
                0x00000000        0x0 c:/program files (x86)/atmel/studio/7.0/toolchain/avr8/avr8-gnu-toolchain/bin/../lib/gcc/avr/4.9.2/avr6\libgcc.a(_tablejump2.o)
 .text.libgcc.div
                0x00000000        0x0 c:/program files (x86)/atmel/studio/7.0/toolchain/avr8/avr8-gnu-toolchain/bin/../lib/gcc/avr/4.9.2/avr6\libgcc.a(_tablejump2.o)
 .text.libgcc.prologue
                0x00000000        0x0 c:/program files (x86)/atmel/studio/7.0/toolchain/avr8/avr8-gnu-toolchain/bin/../lib/gcc/avr/4.9.2/avr6\libgcc.a(_tablejump2.o)
 .text.libgcc.builtins
                0x00000000        0x0 c:/program files (x86)/atmel/studio/7.0/toolchain/avr8/avr8-gnu-toolchain/bin/../lib/gcc/avr/4.9.2/avr6\libgcc.a(_tablejump2.o)
 .text.libgcc.fmul
                0x00000000        0x0 c:/program files (x86)/atmel/studio/7.0/toolchain/avr8/avr8-gnu-toolchain/bin/../lib/gcc/avr/4.9.2/avr6\libgcc.a(_tablejump2.o)
 .text.libgcc.fixed
                0x00000000        0x0 c:/program files (x86)/atmel/studio/7.0/toolchain/avr8/avr8-gnu-toolchain/bin/../lib/gcc/avr/4.9.2/avr6\libgcc.a(_tablejump2.o)
 .text          0x00000000        0x0 c:/program files (x86)/atmel/studio/7.0/toolchain/avr8/avr8-gnu-toolchain/bin/../lib/gcc/avr/4.9.2/avr6\libgcc.a(_clear_bss.o)
 .data          0x00000000        0x0 c:/program files (x86)/atmel/studio/7.0/toolchain/avr8/avr8-gnu-toolchain/bin/../lib/gcc/avr/4.9.2/avr6\libgcc.a(_clear_bss.o)
 .bss           0x00000000        0x0 c:/program files (x86)/atmel/studio/7.0/toolchain/avr8/avr8-gnu-toolchain/bin/../lib/gcc/avr/4.9.2/avr6\libgcc.a(_clear_bss.o)
 .text.libgcc.mul
                0x00000000        0x0 c:/program files (x86)/atmel/studio/7.0/toolchain/avr8/avr8-gnu-toolchain/bin/../lib/gcc/avr/4.9.2/avr6\libgcc.a(_clear_bss.o)
 .text.libgcc.div
                0x00000000        0x0 c:/program files (x86)/atmel/studio/7.0/toolchain/avr8/avr8-gnu-toolchain/bin/../lib/gcc/avr/4.9.2/avr6\libgcc.a(_clear_bss.o)
 .text.libgcc   0x00000000        0x0 c:/program files (x86)/atmel/studio/7.0/toolchain/avr8/avr8-gnu-toolchain/bin/../lib/gcc/avr/4.9.2/avr6\libgcc.a(_clear_bss.o)
 .text.libgcc.prologue
                0x00000000        0x0 c:/program files (x86)/atmel/studio/7.0/toolchain/avr8/avr8-gnu-toolchain/bin/../lib/gcc/avr/4.9.2/avr6\libgcc.a(_clear_bss.o)
 .text.libgcc.builtins
                0x00000000        0x0 c:/program files (x86)/atmel/studio/7.0/toolchain/avr8/avr8-gnu-toolchain/bin/../lib/gcc/avr/4.9.2/avr6\libgcc.a(_clear_bss.o)
 .text.libgcc.fmul
                0x00000000        0x0 c:/program files (x86)/atmel/studio/7.0/toolchain/avr8/avr8-gnu-toolchain/bin/../lib/gcc/avr/4.9.2/avr6\libgcc.a(_clear_bss.o)
 .text.libgcc.fixed
                0x00000000        0x0 c:/program files (x86)/atmel/studio/7.0/toolchain/avr8/avr8-gnu-toolchain/bin/../lib/gcc/avr/4.9.2/avr6\libgcc.a(_clear_bss.o)

Memory Configuration

Name             Origin             Length             Attributes
text             0x00000000         0x00100000         xr
data             0x00800200         0x0000fe00         rw !x
eeprom           0x00810000         0x00010000         rw !x
fuse             0x00820000         0x00000400         rw !x
lock             0x00830000         0x00000400         rw !x
signature        0x00840000         0x00000400         rw !x
user_signatures  0x00850000         0x00000400         rw !x
*default*        0x00000000         0xffffffff

Linker script and memory map

Address of section .data set to 0x800200
LOAD C:/Program Files (x86)/Atmel/Studio/7.0/Packs/atmel/ATmega_DFP/1.0.90/gcc/dev/atmega2560/avr6/crtatmega2560.o
LOAD T1Sleep.o
LOAD T5SleepQPreemption.o
LOAD T4Suspend.o
LOAD T3Preemption.o
LOAD T2Yield.o
LOAD os.o
LOAD cswitch.o
LOAD T6MaxP.o
START GROUP
LOAD c:/program files (x86)/atmel/studio/7.0/toolchain/avr8/avr8-gnu-toolchain/bin/../lib/gcc/avr/4.9.2/../../../../avr/lib/avr6\libm.a
END GROUP
START GROUP
LOAD c:/program files (x86)/atmel/studio/7.0/toolchain/avr8/avr8-gnu-toolchain/bin/../lib/gcc/avr/4.9.2/avr6\libgcc.a
LOAD c:/program files (x86)/atmel/studio/7.0/toolchain/avr8/avr8-gnu-toolchain/bin/../lib/gcc/avr/4.9.2/../../../../avr/lib/avr6\libm.a
LOAD c:/program files (x86)/atmel/studio/7.0/toolchain/avr8/avr8-gnu-toolchain/bin/../lib/gcc/avr/4.9.2/../../../../avr/lib/avr6\libc.a
LOAD C:/Program Files (x86)/Atmel/Studio/7.0/Packs/atmel/ATmega_DFP/1.0.90/gcc/dev/atmega2560/avr6\libatmega2560.a
END GROUP

.hash
 *(.hash)

.dynsym
 *(.dynsym)

.dynstr
 *(.dynstr)

.gnu.version
 *(.gnu.version)

.gnu.version_d
 *(.gnu.version_d)

.gnu.version_r
 *(.gnu.version_r)

.rel.init
 *(.rel.init)

.rela.init
 *(.rela.init)

.rel.text
 *(.rel.text)
 *(.rel.text.*)
 *(.rel.gnu.linkonce.t*)

.rela.text
 *(.rela.text)
 *(.rela.text.*)
 *(.rela.gnu.linkonce.t*)

.rel.fini
 *(.rel.fini)

.rela.fini
 *(.rela.fini)

.rel.rodata
 *(.rel.rodata)
 *(.rel.rodata.*)
 *(.rel.gnu.linkonce.r*)

.rela.rodata
 *(.rela.rodata)
 *(.rela.rodata.*)
 *(.rela.gnu.linkonce.r*)

.rel.data
 *(.rel.data)
 *(.rel.data.*)
 *(.rel.gnu.linkonce.d*)

.rela.data
 *(.rela.data)
 *(.rela.data.*)
 *(.rela.gnu.linkonce.d*)

.rel.ctors
 *(.rel.ctors)

.rela.ctors
 *(.rela.ctors)

.rel.dtors
 *(.rel.dtors)

.rela.dtors
 *(.rela.dtors)

.rel.got
 *(.rel.got)

.rela.got
 *(.rela.got)

.rel.bss
 *(.rel.bss)

.rela.bss
 *(.rela.bss)

.rel.plt
 *(.rel.plt)

.rela.plt
 *(.rela.plt)

.text           0x00000000     0x1024
 *(.vectors)
 .vectors       0x00000000       0xe4 C:/Program Files (x86)/Atmel/Studio/7.0/Packs/atmel/ATmega_DFP/1.0.90/gcc/dev/atmega2560/avr6/crtatmega2560.o
                0x00000000                __vector_default
                0x00000000                __vectors
 *(.vectors)
 *(.progmem.gcc*)
 .progmem.gcc_sw_table.OS_Start
                0x000000e4       0x14 os.o
                0x000000f8                . = ALIGN (0x2)
                0x000000f8                __trampolines_start = .
 *(.trampolines)
 .trampolines   0x000000f8        0x0 linker stubs
 *(.trampolines*)
                0x000000f8                __trampolines_end = .
 *(.progmem*)
                0x000000f8                . = ALIGN (0x2)
 *(.jumptables)
 *(.jumptables*)
 *(.lowtext)
 *(.lowtext*)
                0x000000f8                __ctors_start = .
 *(.ctors)
                0x000000f8                __ctors_end = .
                0x000000f8                __dtors_start = .
 *(.dtors)
                0x000000f8                __dtors_end = .
 SORT(*)(.ctors)
 SORT(*)(.dtors)
 *(.init0)
 .init0         0x000000f8        0x0 C:/Program Files (x86)/Atmel/Studio/7.0/Packs/atmel/ATmega_DFP/1.0.90/gcc/dev/atmega2560/avr6/crtatmega2560.o
                0x000000f8                __init
 *(.init0)
 *(.init1)
 *(.init1)
 *(.init2)
 .init2         0x000000f8       0x10 C:/Program Files (x86)/Atmel/Studio/7.0/Packs/atmel/ATmega_DFP/1.0.90/gcc/dev/atmega2560/avr6/crtatmega2560.o
 *(.init2)
 *(.init3)
 *(.init3)
 *(.init4)
 .init4         0x00000108       0x10 c:/program files (x86)/atmel/studio/7.0/toolchain/avr8/avr8-gnu-toolchain/bin/../lib/gcc/avr/4.9.2/avr6\libgcc.a(_clear_bss.o)
                0x00000108                __do_clear_bss
 *(.init4)
 *(.init5)
 *(.init5)
 *(.init6)
 *(.init6)
 *(.init7)
 *(.init7)
 *(.init8)
 *(.init8)
 *(.init9)
 .init9         0x00000118        0x4 C:/Program Files (x86)/Atmel/Studio/7.0/Packs/atmel/ATmega_DFP/1.0.90/gcc/dev/atmega2560/avr6/crtatmega2560.o
 *(.init9)
 *(.text)
 .text          0x0000011c        0x2 C:/Program Files (x86)/Atmel/Studio/7.0/Packs/atmel/ATmega_DFP/1.0.90/gcc/dev/atmega2560/avr6/crtatmega2560.o
                0x0000011c                __vector_38
                0x0000011c                __vector_22
                0x0000011c                __vector_28
                0x0000011c                __vector_1
                0x0000011c                __vector_32
                0x0000011c                __vector_34
                0x0000011c                __vector_24
                0x0000011c                __vector_12
                0x0000011c                __vector_55
                0x0000011c                __vector_46
                0x0000011c                __bad_interrupt
                0x0000011c                __vector_6
                0x0000011c                __vector_31
                0x0000011c                __vector_35
                0x0000011c                __vector_39
                0x0000011c                __vector_3
                0x0000011c                __vector_23
                0x0000011c                __vector_30
                0x0000011c                __vector_45
                0x0000011c                __vector_25
                0x0000011c                __vector_11
                0x0000011c                __vector_54
                0x0000011c                __vector_13
                0x0000011c                __vector_19
                0x0000011c                __vector_56
                0x0000011c                __vector_7
                0x0000011c                __vector_49
                0x0000011c                __vector_41
                0x0000011c                __vector_43
                0x0000011c                __vector_27
                0x0000011c                __vector_5
                0x0000011c                __vector_33
                0x0000011c                __vector_47
                0x0000011c                __vector_52
                0x0000011c                __vector_37
                0x0000011c                __vector_4
                0x0000011c                __vector_44
                0x0000011c                __vector_51
                0x0000011c                __vector_9
                0x0000011c                __vector_2
                0x0000011c                __vector_21
                0x0000011c                __vector_15
                0x0000011c                __vector_36
                0x0000011c                __vector_29
                0x0000011c                __vector_40
                0x0000011c                __vector_8
                0x0000011c                __vector_26
                0x0000011c                __vector_48
                0x0000011c                __vector_14
                0x0000011c                __vector_53
                0x0000011c                __vector_10
                0x0000011c                __vector_50
                0x0000011c                __vector_16
                0x0000011c                __vector_18
                0x0000011c                __vector_20
                0x0000011c                __vector_42
 .text          0x0000011e      0x15c cswitch.o
                0x0000011e                Exit_Kernel
                0x0000011e                CSwitch
                0x000001cc                Enter_Kernel
                0x0000027a                . = ALIGN (0x2)
 *(.text.*)
 .text.Ping     0x0000027a        0xa T1Sleep.o
                0x0000027a                Ping
 .text.Pong     0x00000284        0xa T1Sleep.o
                0x00000284                Pong
 .text.Ping2    0x0000028e        0xa T1Sleep.o
                0x0000028e                Ping2
 .text.Pong2    0x00000298        0xa T1Sleep.o
                0x00000298                Pong2
 .text.a_main   0x000002a2       0x34 T1Sleep.o
                0x000002a2                a_main
 .text.idle     0x000002d6        0x2 os.o
 .text.enqueue  0x000002d8       0x34 os.o
 .text.dequeue  0x0000030c       0x38 os.o
 .text._delay_25ms
                0x00000344        0xe os.o
 .text.Task_Terminate
                0x00000352       0x1e os.o
                0x00000352                Task_Terminate
 .text.check_rqueue
                0x00000370       0x84 os.o
                0x00000370                check_rqueue
 .text.set_timer
                0x000003f4       0x2e os.o
                0x000003f4                set_timer
 .text.OS_Abort
                0x00000422       0x64 os.o
                0x00000422                OS_Abort
 .text.Dispatch
                0x00000486      0x1a8 os.o
 .text.preemption
                0x0000062e       0x54 os.o
                0x0000062e                preemption
 .text.Kernel_Create_Task
                0x00000682       0xe0 os.o
 .text.OS_Init  0x00000762       0xe2 os.o
                0x00000762                OS_Init
 .text.OS_Start
                0x00000844      0x690 os.o
                0x00000844                OS_Start
 .text.Task_Create
                0x00000ed4       0x48 os.o
                0x00000ed4                Task_Create
 .text.Task_Sleep
                0x00000f1c       0x2c os.o
                0x00000f1c                Task_Sleep
 .text.__vector_17
                0x00000f48       0xb2 os.o
                0x00000f48                __vector_17
 .text.main     0x00000ffa       0x16 os.o
                0x00000ffa                main
 .text.libgcc   0x00001010       0x10 c:/program files (x86)/atmel/studio/7.0/toolchain/avr8/avr8-gnu-toolchain/bin/../lib/gcc/avr/4.9.2/avr6\libgcc.a(_tablejump2.o)
                0x00001010                __tablejump2__
                0x00001020                . = ALIGN (0x2)
 *(.fini9)
 .fini9         0x00001020        0x0 c:/program files (x86)/atmel/studio/7.0/toolchain/avr8/avr8-gnu-toolchain/bin/../lib/gcc/avr/4.9.2/avr6\libgcc.a(_exit.o)
                0x00001020                _exit
                0x00001020                exit
 *(.fini9)
 *(.fini8)
 *(.fini8)
 *(.fini7)
 *(.fini7)
 *(.fini6)
 *(.fini6)
 *(.fini5)
 *(.fini5)
 *(.fini4)
 *(.fini4)
 *(.fini3)
 *(.fini3)
 *(.fini2)
 *(.fini2)
 *(.fini1)
 *(.fini1)
 *(.fini0)
 .fini0         0x00001020        0x4 c:/program files (x86)/atmel/studio/7.0/toolchain/avr8/avr8-gnu-toolchain/bin/../lib/gcc/avr/4.9.2/avr6\libgcc.a(_exit.o)
 *(.fini0)
                0x00001024                _etext = .

.data           0x00800200        0x0 load address 0x00001024
                0x00800200                PROVIDE (__data_start, .)
 *(.data)
 *(.data*)
 *(.rodata)
 *(.rodata*)
 *(.gnu.linkonce.d*)
                0x00800200                . = ALIGN (0x2)
                0x00800200                _edata = .
                0x00800200                PROVIDE (__data_end, .)

.bss            0x00800200     0x12d8
                0x00800200                PROVIDE (__bss_start, .)
 *(.bss)
 *(.bss*)
 .bss.kernel_request_create_args
                0x00800200        0x7 os.o
 .bss.Tasks     0x00800207        0x2 os.o
 .bss.KernelActive
                0x00800209        0x2 os.o
 .bss.NextP     0x0080020b        0x2 os.o
 .bss.p         0x0080020d        0x2 os.o
 .bss.Cp        0x0080020f        0x2 os.o
 .bss.error_msg
                0x00800211        0x1 os.o
 .bss.mutex_unlock_arg
                0x00800212        0x2 os.o
 .bss.dead_pool_queue
                0x00800214        0x4 os.o
 .bss.sleep_queue
                0x00800218        0x4 os.o
 .bss.ready_queue
                0x0080021c       0x2c os.o
 .bss.Mutex     0x00800248       0x38 os.o
 .bss.Process   0x00800280     0x1254 os.o
 *(COMMON)
 COMMON         0x008014d4        0x4 os.o
                0x008014d4                CurrentSp
                0x008014d6                KernelSp
                0x008014d8                PROVIDE (__bss_end, .)
                0x00001024                __data_load_start = LOADADDR (.data)
                0x00001024                __data_load_end = (__data_load_start + SIZEOF (.data))

.noinit         0x008014d8        0x0
                0x008014d8                PROVIDE (__noinit_start, .)
 *(.noinit*)
                0x008014d8                PROVIDE (__noinit_end, .)
                0x008014d8                _end = .
                0x008014d8                PROVIDE (__heap_start, .)

.eeprom         0x00810000        0x0
 *(.eeprom*)
                0x00810000                __eeprom_end = .

.fuse
 *(.fuse)
 *(.lfuse)
 *(.hfuse)
 *(.efuse)

.lock
 *(.lock*)

.signature
 *(.signature*)

.user_signatures
 *(.user_signatures*)

.stab
 *(.stab)

.stabstr
 *(.stabstr)

.stab.excl
 *(.stab.excl)

.stab.exclstr
 *(.stab.exclstr)

.stab.index
 *(.stab.index)

.stab.indexstr
 *(.stab.indexstr)

.comment        0x00000000       0x30
 *(.comment)
 .comment       0x00000000       0x30 T1Sleep.o
                                 0x31 (size before relaxing)
 .comment       0x00000030       0x31 os.o

.note.gnu.avr.deviceinfo
                0x00000000       0x40
 .note.gnu.avr.deviceinfo
                0x00000000       0x40 C:/Program Files (x86)/Atmel/Studio/7.0/Packs/atmel/ATmega_DFP/1.0.90/gcc/dev/atmega2560/avr6/crtatmega2560.o

.note.gnu.build-id
 *(.note.gnu.build-id)

.debug
 *(.debug)

.line
 *(.line)

.debug_srcinfo
 *(.debug_srcinfo)

.debug_sfnames
 *(.debug_sfnames)

.debug_aranges  0x00000000      0x140
 *(.debug_aranges)
 .debug_aranges
                0x00000000       0x40 T1Sleep.o
 .debug_aranges
                0x00000040       0xe0 os.o
 .debug_aranges
                0x00000120       0x20 cswitch.o

.debug_pubnames
 *(.debug_pubnames)

.debug_info     0x00000000     0x112d
 *(.debug_info .gnu.linkonce.wi.*)
 .debug_info    0x00000000      0x26d T1Sleep.o
 .debug_info    0x0000026d      0xe4c os.o
 .debug_info    0x000010b9       0x74 cswitch.o

.debug_abbrev   0x00000000      0x51b
 *(.debug_abbrev)
 .debug_abbrev  0x00000000       0xf7 T1Sleep.o
 .debug_abbrev  0x000000f7      0x410 os.o
 .debug_abbrev  0x00000507       0x14 cswitch.o

.debug_line     0x00000000      0xd3e
 *(.debug_line .debug_line.* .debug_line_end)
 .debug_line    0x00000000      0x17c T1Sleep.o
 .debug_line    0x0000017c      0xaef os.o
 .debug_line    0x00000c6b       0xd3 cswitch.o

.debug_frame    0x00000000      0x30c
 *(.debug_frame)
 .debug_frame   0x00000000       0x64 T1Sleep.o
 .debug_frame   0x00000064      0x2a8 os.o

.debug_str      0x00000000      0x5b4
 *(.debug_str)
 .debug_str     0x00000000      0x194 T1Sleep.o
                                0x1c8 (size before relaxing)
 .debug_str     0x00000194      0x420 os.o
                                0x5df (size before relaxing)

.debug_loc      0x00000000      0xca6
 *(.debug_loc)
 .debug_loc     0x00000000      0xca6 os.o

.debug_macinfo
 *(.debug_macinfo)

.debug_weaknames
 *(.debug_weaknames)

.debug_funcnames
 *(.debug_funcnames)

.debug_typenames
 *(.debug_typenames)

.debug_varnames
 *(.debug_varnames)

.debug_pubtypes
 *(.debug_pubtypes)

.debug_ranges   0x00000000      0x118
 *(.debug_ranges)
 .debug_ranges  0x00000000       0x30 T1Sleep.o
 .debug_ranges  0x00000030       0xe8 os.o

.debug_macro
 *(.debug_macro)
OUTPUT(GccApplication3.elf elf32-avr)
LOAD linker stubs
